# serializer version: 1
# name: test_list_databases
  list([
    dict({
      'dbt_catalog': None,
      'dbt_manifest': None,
      'description': 'ephemeral test db',
      'details': dict({
        'filename': ':memory:',
      }),
      'engine': 'sqlite',
      'memory': None,
      'name': 'pytest-sqlite',
      'organisationId': 'mock',
      'ownerId': 'admin',
      'public': False,
      'write_mode': 'confirmation',
    }),
  ])
# ---
