# serializer version: 1
# name: test_run_simple_query
  dict({
    'columns': list([
      dict({
        'name': 'test_col',
      }),
    ]),
    'count': 1,
    'rows': list([
      dict({
        'test_col': 1,
      }),
    ]),
  })
# ---
